// Jest Snapshot v1, https://goo.gl/fbAQLP

exports[`should render ArticleListItem correctly 1`] = `
<Link
  className="list-item"
  replace={false}
  to="view/1"
>
  <h3
    className="u-margin-bottom-smallest"
  >
    Breaking news
  </h3>
  <p
    className="creator-date u-margin-bottom-smallest"
  >
    Posted by: 
     at: 
    1.1.1970
  </p>
  <div
    className="list-item__values"
  >
    <p
      className="value"
    >
       
      <Component
        className="value__icon"
      />
       
      1
    </p>
    <p
      className="value"
    >
      <Component
        className="value__icon"
      />
       
      1
    </p>
  </div>
</Link>
`;
