// Jest Snapshot v1, https://goo.gl/fbAQLP

exports[`should render EditArticle correctly 1`] = `
<div>
  <div>
    <h2>
      Editing Article
    </h2>
    <ArticleForm
      article={
        Object {
          "_id": "1",
          "comments": Array [
            Object {
              "_id": "1a",
              "comment": "Something to test?",
              "createdAt": "1.1.1970",
            },
          ],
          "createdAt": "1.1.1970",
          "likes": Array [
            "someId",
          ],
          "text": "Political info",
          "title": "Breaking news",
        }
      }
      onSubmit={[Function]}
    />
    <button
      onClick={[Function]}
    >
      Remove Article
    </button>
  </div>
</div>
`;
