// Jest Snapshot v1, https://goo.gl/fbAQLP

exports[`should render EditArticle correctly 1`] = `
<div
  className="main-content"
>
  <div>
    <h2
      className="add-edit-part u-margin-bottom-medium"
    >
      Editing Article
    </h2>
    <ArticleForm
      article={
        Object {
          "_creatorId": "343",
          "_id": "1",
          "comments": Array [
            Object {
              "_id": "1a",
              "comment": "Something to test?",
              "createdAt": "1.1.1970",
            },
          ],
          "createdAt": "1.1.1970",
          "likes": Array [
            "343",
          ],
          "text": "Political info",
          "title": "Breaking news",
        }
      }
      onSubmit={[Function]}
    />
    <button
      className=" add-edit-part__remove btn btn--white"
      onClick={[Function]}
    >
      Remove Article
    </button>
  </div>
</div>
`;

exports[`should render error when article does note exist 1`] = `
<div
  className="main-content"
>
  <p>
    You haven't created this article
  </p>
</div>
`;

exports[`should render error when articleId does not match with userId 1`] = `
<div
  className="main-content"
>
  <p>
    You haven't created this article
  </p>
</div>
`;
