// Jest Snapshot v1, https://goo.gl/fbAQLP

exports[`should render Header correctly 1`] = `
<header
  className="header"
>
  <Link
    className="header__title"
    replace={false}
    to="/"
  >
    <h1>
      PostIt
      <span
        className="header__exclamation"
      >
        !
      </span>
    </h1>
  </Link>
</header>
`;
