// Jest Snapshot v1, https://goo.gl/fbAQLP

exports[`should redner LoggedIn correctly 1`] = `
<div
  className="logged-in"
>
  <div
    className="logged-in__group"
  >
    <h2>
      Logged In As:
    </h2>
    <p
      className="user"
    >
       
      <Component
        className="user__icon"
      />
       
      Mark
    </p>
  </div>
  <button
    className="logged-in__group btn btn--green"
  >
    Create Article
  </button>
  <p
    className="logged-in__group"
  >
    OR
  </p>
  <button
    className="logged-in__group btn btn--white"
    onClick={[Function]}
  >
    Logout
  </button>
</div>
`;
