// Jest Snapshot v1, https://goo.gl/fbAQLP

exports[`should render ViewArticle correctly 1`] = `
<div
  className="main-content scroll-active"
>
  <div
    className="article-view"
  >
    <div
      className="article-view__top"
    >
      <h2
        className="article-view__header"
      >
        Breaking news
      </h2>
      <p>
        Posted by: 
         on: 
        1.1.1970
      </p>
    </div>
    <p
      className="article-view__text"
    >
      Political info
    </p>
    <div
      className="article-view__under-text"
    >
      <div
        className="rating-like"
      >
        <button
          className="btn-like"
          disabled={false}
          onClick={[Function]}
        >
          <Component
            className="icon icon--loggedin"
          />
        </button>
        <p>
          1
        </p>
      </div>
      <div
        className="article-view__edit"
      >
        <button
          className="btn btn--white"
          disabled={false}
          onClick={[Function]}
        >
          Edit Article
        </button>
      </div>
    </div>
    <div
      className="article-view__comment"
    >
      <CommentArticle
        likeOrCommentAllowed={false}
        onSubmit={[Function]}
      />
    </div>
    <CommentList
      comments={
        Array [
          Object {
            "_id": "1a",
            "comment": "Something to test?",
            "createdAt": "1.1.1970",
          },
        ]
      }
      onClickDeleteComment={[Function]}
      userId="343"
    />
  </div>
</div>
`;

exports[`should render ViewArticle with error message  1`] = `
<div
  className="main-content scroll-active"
>
  <h2>
     This article doesn't exist! 
  </h2>
</div>
`;
