// Jest Snapshot v1, https://goo.gl/fbAQLP

exports[`should render ViewArticle correctly 1`] = `
<div>
  <div>
    <button
      disabled={false}
      onClick={[Function]}
    >
      Edit Article
    </button>
    <h2>
      Breaking news
    </h2>
    <p>
      Posted by:
       at: 
      1.1.1970
    </p>
    <p>
      Political info
    </p>
    <CommentArticle
      likeOrCommentAllowed={false}
      onSubmit={[Function]}
    />
    <button
      disabled={false}
      onClick={[Function]}
    >
       
      <Component
        style={
          Object {
            "color": "grey",
          }
        }
      />
    </button>
    <p>
      Number of Likes: 
      1
    </p>
    <CommentList
      comments={
        Array [
          Object {
            "_id": "1a",
            "comment": "Something to test?",
            "createdAt": "1.1.1970",
          },
        ]
      }
      onClickDeleteComment={[Function]}
      userId="343"
    />
  </div>
</div>
`;

exports[`should render ViewArticle with error message  1`] = `
<div>
  <h2>
     This article doesn't exist! 
  </h2>
</div>
`;
